=== other-chains supervisor: attempt 1, 10:39:17 UTC ===

node:internal/modules/run_main:123
    triggerUncaughtException(
    ^
Error [TransformError]: 
You installed esbuild for another platform than the one you're currently using.
This won't work because esbuild is written with native code and needs to
install a platform-specific binary executable.

Specifically the "@esbuild/win32-x64" package is present but this platform
needs the "@esbuild/linux-x64" package instead. People often get into this
situation by installing esbuild on Windows or macOS and copying "node_modules"
into a Docker image that runs Linux, or by copying "node_modules" between
Windows and WSL environments.

If you are installing with npm, you can try not copying the "node_modules"
directory when you copy the files over, and running "npm ci" or "npm install"
on the destination platform after the copy. Or you could consider using yarn
instead of npm which has built-in support for installing a package on multiple
platforms simultaneously.

If you are installing with yarn, you can try listing both this platform and the
other platform in your ".yarnrc.yml" file using the "supportedArchitectures"
feature: https://yarnpkg.com/configuration/yarnrc/#supportedArchitectures
Keep in mind that this means multiple copies of esbuild will be present.

Another alternative is to use the "esbuild-wasm" package instead, which works
the same way on all platforms. But it comes with a heavy performance cost and
can sometimes be 10x slower than the "esbuild" package, so you may also not
want to do that.

    at generateBinPath (/mnt/c/Users/k1rby/projects/robinwood-plank/node_modules/esbuild/lib/main.js:2029:17)
    at esbuildCommandAndArgs (/mnt/c/Users/k1rby/projects/robinwood-plank/node_modules/esbuild/lib/main.js:2110:33)
    at ensureServiceIsRunning (/mnt/c/Users/k1rby/projects/robinwood-plank/node_modules/esbuild/lib/main.js:2267:25)
    at transform (/mnt/c/Users/k1rby/projects/robinwood-plank/node_modules/esbuild/lib/main.js:2168:37)
    at file:///mnt/c/Users/k1rby/projects/robinwood-plank/node_modules/tsx/dist/index-CQhDiIsg.mjs:14:3037
    at applyTransformers (file:///mnt/c/Users/k1rby/projects/robinwood-plank/node_modules/tsx/dist/index-CQhDiIsg.mjs:14:1266)
    at transform (file:///mnt/c/Users/k1rby/projects/robinwood-plank/node_modules/tsx/dist/index-CQhDiIsg.mjs:14:2984)
    at load (file:///mnt/c/Users/k1rby/projects/robinwood-plank/node_modules/tsx/dist/register-zZ7SWseA.mjs:2:4937)
    at async nextLoad (node:internal/modules/esm/hooks:748:22)
    at async Hooks.load (node:internal/modules/esm/hooks:385:20)

Node.js v22.22.2
npm notice
npm notice New major version of npm available! 10.9.7 -> 12.0.2
npm notice Changelog: https://github.com/npm/cli/releases/tag/v12.0.2
npm notice To update run: npm install -g npm@12.0.2
npm notice
=== other-chains supervisor: pass exited code 1 ===
=== other-chains supervisor: attempt 2, 10:39:20 UTC ===

node:internal/modules/run_main:123
    triggerUncaughtException(
    ^
Error [TransformError]: 
You installed esbuild for another platform than the one you're currently using.
This won't work because esbuild is written with native code and needs to
install a platform-specific binary executable.

Specifically the "@esbuild/win32-x64" package is present but this platform
needs the "@esbuild/linux-x64" package instead. People often get into this
situation by installing esbuild on Windows or macOS and copying "node_modules"
into a Docker image that runs Linux, or by copying "node_modules" between
Windows and WSL environments.

If you are installing with npm, you can try not copying the "node_modules"
directory when you copy the files over, and running "npm ci" or "npm install"
on the destination platform after the copy. Or you could consider using yarn
instead of npm which has built-in support for installing a package on multiple
platforms simultaneously.

If you are installing with yarn, you can try listing both this platform and the
other platform in your ".yarnrc.yml" file using the "supportedArchitectures"
feature: https://yarnpkg.com/configuration/yarnrc/#supportedArchitectures
Keep in mind that this means multiple copies of esbuild will be present.

Another alternative is to use the "esbuild-wasm" package instead, which works
the same way on all platforms. But it comes with a heavy performance cost and
can sometimes be 10x slower than the "esbuild" package, so you may also not
want to do that.

    at generateBinPath (/mnt/c/Users/k1rby/projects/robinwood-plank/node_modules/esbuild/lib/main.js:2029:17)
    at esbuildCommandAndArgs (/mnt/c/Users/k1rby/projects/robinwood-plank/node_modules/esbuild/lib/main.js:2110:33)
    at ensureServiceIsRunning (/mnt/c/Users/k1rby/projects/robinwood-plank/node_modules/esbuild/lib/main.js:2267:25)
    at transform (/mnt/c/Users/k1rby/projects/robinwood-plank/node_modules/esbuild/lib/main.js:2168:37)
    at file:///mnt/c/Users/k1rby/projects/robinwood-plank/node_modules/tsx/dist/index-CQhDiIsg.mjs:14:3037
    at applyTransformers (file:///mnt/c/Users/k1rby/projects/robinwood-plank/node_modules/tsx/dist/index-CQhDiIsg.mjs:14:1266)
    at transform (file:///mnt/c/Users/k1rby/projects/robinwood-plank/node_modules/tsx/dist/index-CQhDiIsg.mjs:14:2984)
    at load (file:///mnt/c/Users/k1rby/projects/robinwood-plank/node_modules/tsx/dist/register-zZ7SWseA.mjs:2:4937)
    at async nextLoad (node:internal/modules/esm/hooks:748:22)
    at async Hooks.load (node:internal/modules/esm/hooks:385:20)

Node.js v22.22.2
=== other-chains supervisor: pass exited code 1 ===
=== other-chains supervisor: attempt 3, 10:39:23 UTC ===

node:internal/modules/run_main:123
    triggerUncaughtException(
    ^
Error [TransformError]: 
You installed esbuild for another platform than the one you're currently using.
This won't work because esbuild is written with native code and needs to
install a platform-specific binary executable.

Specifically the "@esbuild/win32-x64" package is present but this platform
needs the "@esbuild/linux-x64" package instead. People often get into this
situation by installing esbuild on Windows or macOS and copying "node_modules"
into a Docker image that runs Linux, or by copying "node_modules" between
Windows and WSL environments.

If you are installing with npm, you can try not copying the "node_modules"
directory when you copy the files over, and running "npm ci" or "npm install"
on the destination platform after the copy. Or you could consider using yarn
instead of npm which has built-in support for installing a package on multiple
platforms simultaneously.

If you are installing with yarn, you can try listing both this platform and the
other platform in your ".yarnrc.yml" file using the "supportedArchitectures"
feature: https://yarnpkg.com/configuration/yarnrc/#supportedArchitectures
Keep in mind that this means multiple copies of esbuild will be present.

Another alternative is to use the "esbuild-wasm" package instead, which works
the same way on all platforms. But it comes with a heavy performance cost and
can sometimes be 10x slower than the "esbuild" package, so you may also not
want to do that.

    at generateBinPath (/mnt/c/Users/k1rby/projects/robinwood-plank/node_modules/esbuild/lib/main.js:2029:17)
    at esbuildCommandAndArgs (/mnt/c/Users/k1rby/projects/robinwood-plank/node_modules/esbuild/lib/main.js:2110:33)
    at ensureServiceIsRunning (/mnt/c/Users/k1rby/projects/robinwood-plank/node_modules/esbuild/lib/main.js:2267:25)
    at transform (/mnt/c/Users/k1rby/projects/robinwood-plank/node_modules/esbuild/lib/main.js:2168:37)
    at file:///mnt/c/Users/k1rby/projects/robinwood-plank/node_modules/tsx/dist/index-CQhDiIsg.mjs:14:3037
    at applyTransformers (file:///mnt/c/Users/k1rby/projects/robinwood-plank/node_modules/tsx/dist/index-CQhDiIsg.mjs:14:1266)
    at transform (file:///mnt/c/Users/k1rby/projects/robinwood-plank/node_modules/tsx/dist/index-CQhDiIsg.mjs:14:2984)
    at load (file:///mnt/c/Users/k1rby/projects/robinwood-plank/node_modules/tsx/dist/register-zZ7SWseA.mjs:2:4937)
    at async nextLoad (node:internal/modules/esm/hooks:748:22)
    at async Hooks.load (node:internal/modules/esm/hooks:385:20)

Node.js v22.22.2
=== other-chains supervisor: pass exited code 1 ===
=== other-chains supervisor: attempt 4, 10:39:26 UTC ===

node:internal/modules/run_main:123
    triggerUncaughtException(
    ^
Error [TransformError]: 
You installed esbuild for another platform than the one you're currently using.
This won't work because esbuild is written with native code and needs to
install a platform-specific binary executable.

Specifically the "@esbuild/win32-x64" package is present but this platform
needs the "@esbuild/linux-x64" package instead. People often get into this
situation by installing esbuild on Windows or macOS and copying "node_modules"
into a Docker image that runs Linux, or by copying "node_modules" between
Windows and WSL environments.

If you are installing with npm, you can try not copying the "node_modules"
directory when you copy the files over, and running "npm ci" or "npm install"
on the destination platform after the copy. Or you could consider using yarn
instead of npm which has built-in support for installing a package on multiple
platforms simultaneously.

If you are installing with yarn, you can try listing both this platform and the
other platform in your ".yarnrc.yml" file using the "supportedArchitectures"
feature: https://yarnpkg.com/configuration/yarnrc/#supportedArchitectures
Keep in mind that this means multiple copies of esbuild will be present.

Another alternative is to use the "esbuild-wasm" package instead, which works
the same way on all platforms. But it comes with a heavy performance cost and
can sometimes be 10x slower than the "esbuild" package, so you may also not
want to do that.

    at generateBinPath (/mnt/c/Users/k1rby/projects/robinwood-plank/node_modules/esbuild/lib/main.js:2029:17)
    at esbuildCommandAndArgs (/mnt/c/Users/k1rby/projects/robinwood-plank/node_modules/esbuild/lib/main.js:2110:33)
    at ensureServiceIsRunning (/mnt/c/Users/k1rby/projects/robinwood-plank/node_modules/esbuild/lib/main.js:2267:25)
    at transform (/mnt/c/Users/k1rby/projects/robinwood-plank/node_modules/esbuild/lib/main.js:2168:37)
    at file:///mnt/c/Users/k1rby/projects/robinwood-plank/node_modules/tsx/dist/index-CQhDiIsg.mjs:14:3037
    at applyTransformers (file:///mnt/c/Users/k1rby/projects/robinwood-plank/node_modules/tsx/dist/index-CQhDiIsg.mjs:14:1266)
    at transform (file:///mnt/c/Users/k1rby/projects/robinwood-plank/node_modules/tsx/dist/index-CQhDiIsg.mjs:14:2984)
    at load (file:///mnt/c/Users/k1rby/projects/robinwood-plank/node_modules/tsx/dist/register-zZ7SWseA.mjs:2:4937)
    at async nextLoad (node:internal/modules/esm/hooks:748:22)
    at async Hooks.load (node:internal/modules/esm/hooks:385:20)

Node.js v22.22.2
=== other-chains supervisor: pass exited code 1 ===
=== other-chains supervisor: attempt 5, 10:39:29 UTC ===

node:internal/modules/run_main:123
    triggerUncaughtException(
    ^
Error [TransformError]: 
You installed esbuild for another platform than the one you're currently using.
This won't work because esbuild is written with native code and needs to
install a platform-specific binary executable.

Specifically the "@esbuild/win32-x64" package is present but this platform
needs the "@esbuild/linux-x64" package instead. People often get into this
situation by installing esbuild on Windows or macOS and copying "node_modules"
into a Docker image that runs Linux, or by copying "node_modules" between
Windows and WSL environments.

If you are installing with npm, you can try not copying the "node_modules"
directory when you copy the files over, and running "npm ci" or "npm install"
on the destination platform after the copy. Or you could consider using yarn
instead of npm which has built-in support for installing a package on multiple
platforms simultaneously.

If you are installing with yarn, you can try listing both this platform and the
other platform in your ".yarnrc.yml" file using the "supportedArchitectures"
feature: https://yarnpkg.com/configuration/yarnrc/#supportedArchitectures
Keep in mind that this means multiple copies of esbuild will be present.

Another alternative is to use the "esbuild-wasm" package instead, which works
the same way on all platforms. But it comes with a heavy performance cost and
can sometimes be 10x slower than the "esbuild" package, so you may also not
want to do that.

    at generateBinPath (/mnt/c/Users/k1rby/projects/robinwood-plank/node_modules/esbuild/lib/main.js:2029:17)
    at esbuildCommandAndArgs (/mnt/c/Users/k1rby/projects/robinwood-plank/node_modules/esbuild/lib/main.js:2110:33)
    at ensureServiceIsRunning (/mnt/c/Users/k1rby/projects/robinwood-plank/node_modules/esbuild/lib/main.js:2267:25)
    at transform (/mnt/c/Users/k1rby/projects/robinwood-plank/node_modules/esbuild/lib/main.js:2168:37)
    at file:///mnt/c/Users/k1rby/projects/robinwood-plank/node_modules/tsx/dist/index-CQhDiIsg.mjs:14:3037
    at applyTransformers (file:///mnt/c/Users/k1rby/projects/robinwood-plank/node_modules/tsx/dist/index-CQhDiIsg.mjs:14:1266)
    at transform (file:///mnt/c/Users/k1rby/projects/robinwood-plank/node_modules/tsx/dist/index-CQhDiIsg.mjs:14:2984)
    at load (file:///mnt/c/Users/k1rby/projects/robinwood-plank/node_modules/tsx/dist/register-zZ7SWseA.mjs:2:4937)
    at async nextLoad (node:internal/modules/esm/hooks:748:22)
    at async Hooks.load (node:internal/modules/esm/hooks:385:20)

Node.js v22.22.2
=== other-chains supervisor: pass exited code 1 ===
=== other-chains supervisor: attempt 6, 10:39:32 UTC ===

node:internal/modules/run_main:123
    triggerUncaughtException(
    ^
Error [TransformError]: 
You installed esbuild for another platform than the one you're currently using.
This won't work because esbuild is written with native code and needs to
install a platform-specific binary executable.

Specifically the "@esbuild/win32-x64" package is present but this platform
needs the "@esbuild/linux-x64" package instead. People often get into this
situation by installing esbuild on Windows or macOS and copying "node_modules"
into a Docker image that runs Linux, or by copying "node_modules" between
Windows and WSL environments.

If you are installing with npm, you can try not copying the "node_modules"
directory when you copy the files over, and running "npm ci" or "npm install"
on the destination platform after the copy. Or you could consider using yarn
instead of npm which has built-in support for installing a package on multiple
platforms simultaneously.

If you are installing with yarn, you can try listing both this platform and the
other platform in your ".yarnrc.yml" file using the "supportedArchitectures"
feature: https://yarnpkg.com/configuration/yarnrc/#supportedArchitectures
Keep in mind that this means multiple copies of esbuild will be present.

Another alternative is to use the "esbuild-wasm" package instead, which works
the same way on all platforms. But it comes with a heavy performance cost and
can sometimes be 10x slower than the "esbuild" package, so you may also not
want to do that.

    at generateBinPath (/mnt/c/Users/k1rby/projects/robinwood-plank/node_modules/esbuild/lib/main.js:2029:17)
    at esbuildCommandAndArgs (/mnt/c/Users/k1rby/projects/robinwood-plank/node_modules/esbuild/lib/main.js:2110:33)
    at ensureServiceIsRunning (/mnt/c/Users/k1rby/projects/robinwood-plank/node_modules/esbuild/lib/main.js:2267:25)
    at transform (/mnt/c/Users/k1rby/projects/robinwood-plank/node_modules/esbuild/lib/main.js:2168:37)
    at file:///mnt/c/Users/k1rby/projects/robinwood-plank/node_modules/tsx/dist/index-CQhDiIsg.mjs:14:3037
    at applyTransformers (file:///mnt/c/Users/k1rby/projects/robinwood-plank/node_modules/tsx/dist/index-CQhDiIsg.mjs:14:1266)
    at transform (file:///mnt/c/Users/k1rby/projects/robinwood-plank/node_modules/tsx/dist/index-CQhDiIsg.mjs:14:2984)
    at load (file:///mnt/c/Users/k1rby/projects/robinwood-plank/node_modules/tsx/dist/register-zZ7SWseA.mjs:2:4937)
    at async nextLoad (node:internal/modules/esm/hooks:748:22)
    at async Hooks.load (node:internal/modules/esm/hooks:385:20)

Node.js v22.22.2
=== other-chains supervisor: pass exited code 1 ===
=== other-chains supervisor: attempt 7, 10:39:35 UTC ===

node:internal/modules/run_main:123
    triggerUncaughtException(
    ^
Error [TransformError]: 
You installed esbuild for another platform than the one you're currently using.
This won't work because esbuild is written with native code and needs to
install a platform-specific binary executable.

Specifically the "@esbuild/win32-x64" package is present but this platform
needs the "@esbuild/linux-x64" package instead. People often get into this
situation by installing esbuild on Windows or macOS and copying "node_modules"
into a Docker image that runs Linux, or by copying "node_modules" between
Windows and WSL environments.

If you are installing with npm, you can try not copying the "node_modules"
directory when you copy the files over, and running "npm ci" or "npm install"
on the destination platform after the copy. Or you could consider using yarn
instead of npm which has built-in support for installing a package on multiple
platforms simultaneously.

If you are installing with yarn, you can try listing both this platform and the
other platform in your ".yarnrc.yml" file using the "supportedArchitectures"
feature: https://yarnpkg.com/configuration/yarnrc/#supportedArchitectures
Keep in mind that this means multiple copies of esbuild will be present.

Another alternative is to use the "esbuild-wasm" package instead, which works
the same way on all platforms. But it comes with a heavy performance cost and
can sometimes be 10x slower than the "esbuild" package, so you may also not
want to do that.

    at generateBinPath (/mnt/c/Users/k1rby/projects/robinwood-plank/node_modules/esbuild/lib/main.js:2029:17)
    at esbuildCommandAndArgs (/mnt/c/Users/k1rby/projects/robinwood-plank/node_modules/esbuild/lib/main.js:2110:33)
    at ensureServiceIsRunning (/mnt/c/Users/k1rby/projects/robinwood-plank/node_modules/esbuild/lib/main.js:2267:25)
    at transform (/mnt/c/Users/k1rby/projects/robinwood-plank/node_modules/esbuild/lib/main.js:2168:37)
    at file:///mnt/c/Users/k1rby/projects/robinwood-plank/node_modules/tsx/dist/index-CQhDiIsg.mjs:14:3037
    at applyTransformers (file:///mnt/c/Users/k1rby/projects/robinwood-plank/node_modules/tsx/dist/index-CQhDiIsg.mjs:14:1266)
    at transform (file:///mnt/c/Users/k1rby/projects/robinwood-plank/node_modules/tsx/dist/index-CQhDiIsg.mjs:14:2984)
    at load (file:///mnt/c/Users/k1rby/projects/robinwood-plank/node_modules/tsx/dist/register-zZ7SWseA.mjs:2:4937)
    at async nextLoad (node:internal/modules/esm/hooks:748:22)
    at async Hooks.load (node:internal/modules/esm/hooks:385:20)

Node.js v22.22.2
=== other-chains supervisor: pass exited code 1 ===
=== other-chains supervisor: attempt 8, 10:39:38 UTC ===

node:internal/modules/run_main:123
    triggerUncaughtException(
    ^
Error [TransformError]: 
You installed esbuild for another platform than the one you're currently using.
This won't work because esbuild is written with native code and needs to
install a platform-specific binary executable.

Specifically the "@esbuild/win32-x64" package is present but this platform
needs the "@esbuild/linux-x64" package instead. People often get into this
situation by installing esbuild on Windows or macOS and copying "node_modules"
into a Docker image that runs Linux, or by copying "node_modules" between
Windows and WSL environments.

If you are installing with npm, you can try not copying the "node_modules"
directory when you copy the files over, and running "npm ci" or "npm install"
on the destination platform after the copy. Or you could consider using yarn
instead of npm which has built-in support for installing a package on multiple
platforms simultaneously.

If you are installing with yarn, you can try listing both this platform and the
other platform in your ".yarnrc.yml" file using the "supportedArchitectures"
feature: https://yarnpkg.com/configuration/yarnrc/#supportedArchitectures
Keep in mind that this means multiple copies of esbuild will be present.

Another alternative is to use the "esbuild-wasm" package instead, which works
the same way on all platforms. But it comes with a heavy performance cost and
can sometimes be 10x slower than the "esbuild" package, so you may also not
want to do that.

    at generateBinPath (/mnt/c/Users/k1rby/projects/robinwood-plank/node_modules/esbuild/lib/main.js:2029:17)
    at esbuildCommandAndArgs (/mnt/c/Users/k1rby/projects/robinwood-plank/node_modules/esbuild/lib/main.js:2110:33)
    at ensureServiceIsRunning (/mnt/c/Users/k1rby/projects/robinwood-plank/node_modules/esbuild/lib/main.js:2267:25)
    at transform (/mnt/c/Users/k1rby/projects/robinwood-plank/node_modules/esbuild/lib/main.js:2168:37)
    at file:///mnt/c/Users/k1rby/projects/robinwood-plank/node_modules/tsx/dist/index-CQhDiIsg.mjs:14:3037
    at applyTransformers (file:///mnt/c/Users/k1rby/projects/robinwood-plank/node_modules/tsx/dist/index-CQhDiIsg.mjs:14:1266)
    at transform (file:///mnt/c/Users/k1rby/projects/robinwood-plank/node_modules/tsx/dist/index-CQhDiIsg.mjs:14:2984)
    at load (file:///mnt/c/Users/k1rby/projects/robinwood-plank/node_modules/tsx/dist/register-zZ7SWseA.mjs:2:4937)
    at async nextLoad (node:internal/modules/esm/hooks:748:22)
    at async Hooks.load (node:internal/modules/esm/hooks:385:20)

Node.js v22.22.2
=== other-chains supervisor: pass exited code 1 ===
=== other-chains supervisor: attempt 9, 10:39:41 UTC ===

node:internal/modules/run_main:123
    triggerUncaughtException(
    ^
Error [TransformError]: 
You installed esbuild for another platform than the one you're currently using.
This won't work because esbuild is written with native code and needs to
install a platform-specific binary executable.

Specifically the "@esbuild/win32-x64" package is present but this platform
needs the "@esbuild/linux-x64" package instead. People often get into this
situation by installing esbuild on Windows or macOS and copying "node_modules"
into a Docker image that runs Linux, or by copying "node_modules" between
Windows and WSL environments.

If you are installing with npm, you can try not copying the "node_modules"
directory when you copy the files over, and running "npm ci" or "npm install"
on the destination platform after the copy. Or you could consider using yarn
instead of npm which has built-in support for installing a package on multiple
platforms simultaneously.

If you are installing with yarn, you can try listing both this platform and the
other platform in your ".yarnrc.yml" file using the "supportedArchitectures"
feature: https://yarnpkg.com/configuration/yarnrc/#supportedArchitectures
Keep in mind that this means multiple copies of esbuild will be present.

Another alternative is to use the "esbuild-wasm" package instead, which works
the same way on all platforms. But it comes with a heavy performance cost and
can sometimes be 10x slower than the "esbuild" package, so you may also not
want to do that.

    at generateBinPath (/mnt/c/Users/k1rby/projects/robinwood-plank/node_modules/esbuild/lib/main.js:2029:17)
    at esbuildCommandAndArgs (/mnt/c/Users/k1rby/projects/robinwood-plank/node_modules/esbuild/lib/main.js:2110:33)
    at ensureServiceIsRunning (/mnt/c/Users/k1rby/projects/robinwood-plank/node_modules/esbuild/lib/main.js:2267:25)
    at transform (/mnt/c/Users/k1rby/projects/robinwood-plank/node_modules/esbuild/lib/main.js:2168:37)
    at file:///mnt/c/Users/k1rby/projects/robinwood-plank/node_modules/tsx/dist/index-CQhDiIsg.mjs:14:3037
    at applyTransformers (file:///mnt/c/Users/k1rby/projects/robinwood-plank/node_modules/tsx/dist/index-CQhDiIsg.mjs:14:1266)
    at transform (file:///mnt/c/Users/k1rby/projects/robinwood-plank/node_modules/tsx/dist/index-CQhDiIsg.mjs:14:2984)
    at load (file:///mnt/c/Users/k1rby/projects/robinwood-plank/node_modules/tsx/dist/register-zZ7SWseA.mjs:2:4937)
    at async nextLoad (node:internal/modules/esm/hooks:748:22)
    at async Hooks.load (node:internal/modules/esm/hooks:385:20)

Node.js v22.22.2
=== other-chains supervisor: pass exited code 1 ===
=== other-chains supervisor: attempt 10, 10:39:44 UTC ===

node:internal/modules/run_main:123
    triggerUncaughtException(
    ^
Error [TransformError]: 
You installed esbuild for another platform than the one you're currently using.
This won't work because esbuild is written with native code and needs to
install a platform-specific binary executable.

Specifically the "@esbuild/win32-x64" package is present but this platform
needs the "@esbuild/linux-x64" package instead. People often get into this
situation by installing esbuild on Windows or macOS and copying "node_modules"
into a Docker image that runs Linux, or by copying "node_modules" between
Windows and WSL environments.

If you are installing with npm, you can try not copying the "node_modules"
directory when you copy the files over, and running "npm ci" or "npm install"
on the destination platform after the copy. Or you could consider using yarn
instead of npm which has built-in support for installing a package on multiple
platforms simultaneously.

If you are installing with yarn, you can try listing both this platform and the
other platform in your ".yarnrc.yml" file using the "supportedArchitectures"
feature: https://yarnpkg.com/configuration/yarnrc/#supportedArchitectures
Keep in mind that this means multiple copies of esbuild will be present.

Another alternative is to use the "esbuild-wasm" package instead, which works
the same way on all platforms. But it comes with a heavy performance cost and
can sometimes be 10x slower than the "esbuild" package, so you may also not
want to do that.

    at generateBinPath (/mnt/c/Users/k1rby/projects/robinwood-plank/node_modules/esbuild/lib/main.js:2029:17)
    at esbuildCommandAndArgs (/mnt/c/Users/k1rby/projects/robinwood-plank/node_modules/esbuild/lib/main.js:2110:33)
    at ensureServiceIsRunning (/mnt/c/Users/k1rby/projects/robinwood-plank/node_modules/esbuild/lib/main.js:2267:25)
    at transform (/mnt/c/Users/k1rby/projects/robinwood-plank/node_modules/esbuild/lib/main.js:2168:37)
    at file:///mnt/c/Users/k1rby/projects/robinwood-plank/node_modules/tsx/dist/index-CQhDiIsg.mjs:14:3037
    at applyTransformers (file:///mnt/c/Users/k1rby/projects/robinwood-plank/node_modules/tsx/dist/index-CQhDiIsg.mjs:14:1266)
    at transform (file:///mnt/c/Users/k1rby/projects/robinwood-plank/node_modules/tsx/dist/index-CQhDiIsg.mjs:14:2984)
    at load (file:///mnt/c/Users/k1rby/projects/robinwood-plank/node_modules/tsx/dist/register-zZ7SWseA.mjs:2:4937)
    at async nextLoad (node:internal/modules/esm/hooks:748:22)
    at async Hooks.load (node:internal/modules/esm/hooks:385:20)

Node.js v22.22.2
=== other-chains supervisor: pass exited code 1 ===
=== other-chains supervisor: attempt 11, 10:39:48 UTC ===

node:internal/modules/run_main:123
    triggerUncaughtException(
    ^
Error [TransformError]: 
You installed esbuild for another platform than the one you're currently using.
This won't work because esbuild is written with native code and needs to
install a platform-specific binary executable.

Specifically the "@esbuild/win32-x64" package is present but this platform
needs the "@esbuild/linux-x64" package instead. People often get into this
situation by installing esbuild on Windows or macOS and copying "node_modules"
into a Docker image that runs Linux, or by copying "node_modules" between
Windows and WSL environments.

If you are installing with npm, you can try not copying the "node_modules"
directory when you copy the files over, and running "npm ci" or "npm install"
on the destination platform after the copy. Or you could consider using yarn
instead of npm which has built-in support for installing a package on multiple
platforms simultaneously.

If you are installing with yarn, you can try listing both this platform and the
other platform in your ".yarnrc.yml" file using the "supportedArchitectures"
feature: https://yarnpkg.com/configuration/yarnrc/#supportedArchitectures
Keep in mind that this means multiple copies of esbuild will be present.

Another alternative is to use the "esbuild-wasm" package instead, which works
the same way on all platforms. But it comes with a heavy performance cost and
can sometimes be 10x slower than the "esbuild" package, so you may also not
want to do that.

    at generateBinPath (/mnt/c/Users/k1rby/projects/robinwood-plank/node_modules/esbuild/lib/main.js:2029:17)
    at esbuildCommandAndArgs (/mnt/c/Users/k1rby/projects/robinwood-plank/node_modules/esbuild/lib/main.js:2110:33)
    at ensureServiceIsRunning (/mnt/c/Users/k1rby/projects/robinwood-plank/node_modules/esbuild/lib/main.js:2267:25)
    at transform (/mnt/c/Users/k1rby/projects/robinwood-plank/node_modules/esbuild/lib/main.js:2168:37)
    at file:///mnt/c/Users/k1rby/projects/robinwood-plank/node_modules/tsx/dist/index-CQhDiIsg.mjs:14:3037
    at applyTransformers (file:///mnt/c/Users/k1rby/projects/robinwood-plank/node_modules/tsx/dist/index-CQhDiIsg.mjs:14:1266)
    at transform (file:///mnt/c/Users/k1rby/projects/robinwood-plank/node_modules/tsx/dist/index-CQhDiIsg.mjs:14:2984)
    at load (file:///mnt/c/Users/k1rby/projects/robinwood-plank/node_modules/tsx/dist/register-zZ7SWseA.mjs:2:4937)
    at async nextLoad (node:internal/modules/esm/hooks:748:22)
    at async Hooks.load (node:internal/modules/esm/hooks:385:20)

Node.js v22.22.2
=== other-chains supervisor: pass exited code 1 ===
=== other-chains supervisor: attempt 12, 10:39:51 UTC ===

node:internal/modules/run_main:123
    triggerUncaughtException(
    ^
Error [TransformError]: 
You installed esbuild for another platform than the one you're currently using.
This won't work because esbuild is written with native code and needs to
install a platform-specific binary executable.

Specifically the "@esbuild/win32-x64" package is present but this platform
needs the "@esbuild/linux-x64" package instead. People often get into this
situation by installing esbuild on Windows or macOS and copying "node_modules"
into a Docker image that runs Linux, or by copying "node_modules" between
Windows and WSL environments.

If you are installing with npm, you can try not copying the "node_modules"
directory when you copy the files over, and running "npm ci" or "npm install"
on the destination platform after the copy. Or you could consider using yarn
instead of npm which has built-in support for installing a package on multiple
platforms simultaneously.

If you are installing with yarn, you can try listing both this platform and the
other platform in your ".yarnrc.yml" file using the "supportedArchitectures"
feature: https://yarnpkg.com/configuration/yarnrc/#supportedArchitectures
Keep in mind that this means multiple copies of esbuild will be present.

Another alternative is to use the "esbuild-wasm" package instead, which works
the same way on all platforms. But it comes with a heavy performance cost and
can sometimes be 10x slower than the "esbuild" package, so you may also not
want to do that.

    at generateBinPath (/mnt/c/Users/k1rby/projects/robinwood-plank/node_modules/esbuild/lib/main.js:2029:17)
    at esbuildCommandAndArgs (/mnt/c/Users/k1rby/projects/robinwood-plank/node_modules/esbuild/lib/main.js:2110:33)
    at ensureServiceIsRunning (/mnt/c/Users/k1rby/projects/robinwood-plank/node_modules/esbuild/lib/main.js:2267:25)
    at transform (/mnt/c/Users/k1rby/projects/robinwood-plank/node_modules/esbuild/lib/main.js:2168:37)
    at file:///mnt/c/Users/k1rby/projects/robinwood-plank/node_modules/tsx/dist/index-CQhDiIsg.mjs:14:3037
    at applyTransformers (file:///mnt/c/Users/k1rby/projects/robinwood-plank/node_modules/tsx/dist/index-CQhDiIsg.mjs:14:1266)
    at transform (file:///mnt/c/Users/k1rby/projects/robinwood-plank/node_modules/tsx/dist/index-CQhDiIsg.mjs:14:2984)
    at load (file:///mnt/c/Users/k1rby/projects/robinwood-plank/node_modules/tsx/dist/register-zZ7SWseA.mjs:2:4937)
    at async nextLoad (node:internal/modules/esm/hooks:748:22)
    at async Hooks.load (node:internal/modules/esm/hooks:385:20)

Node.js v22.22.2
=== other-chains supervisor: pass exited code 1 ===
=== other-chains supervisor: attempt 13, 10:39:54 UTC ===

node:internal/modules/run_main:123
    triggerUncaughtException(
    ^
Error [TransformError]: 
You installed esbuild for another platform than the one you're currently using.
This won't work because esbuild is written with native code and needs to
install a platform-specific binary executable.

Specifically the "@esbuild/win32-x64" package is present but this platform
needs the "@esbuild/linux-x64" package instead. People often get into this
situation by installing esbuild on Windows or macOS and copying "node_modules"
into a Docker image that runs Linux, or by copying "node_modules" between
Windows and WSL environments.

If you are installing with npm, you can try not copying the "node_modules"
directory when you copy the files over, and running "npm ci" or "npm install"
on the destination platform after the copy. Or you could consider using yarn
instead of npm which has built-in support for installing a package on multiple
platforms simultaneously.

If you are installing with yarn, you can try listing both this platform and the
other platform in your ".yarnrc.yml" file using the "supportedArchitectures"
feature: https://yarnpkg.com/configuration/yarnrc/#supportedArchitectures
Keep in mind that this means multiple copies of esbuild will be present.

Another alternative is to use the "esbuild-wasm" package instead, which works
the same way on all platforms. But it comes with a heavy performance cost and
can sometimes be 10x slower than the "esbuild" package, so you may also not
want to do that.

    at generateBinPath (/mnt/c/Users/k1rby/projects/robinwood-plank/node_modules/esbuild/lib/main.js:2029:17)
    at esbuildCommandAndArgs (/mnt/c/Users/k1rby/projects/robinwood-plank/node_modules/esbuild/lib/main.js:2110:33)
    at ensureServiceIsRunning (/mnt/c/Users/k1rby/projects/robinwood-plank/node_modules/esbuild/lib/main.js:2267:25)
    at transform (/mnt/c/Users/k1rby/projects/robinwood-plank/node_modules/esbuild/lib/main.js:2168:37)
    at file:///mnt/c/Users/k1rby/projects/robinwood-plank/node_modules/tsx/dist/index-CQhDiIsg.mjs:14:3037
    at applyTransformers (file:///mnt/c/Users/k1rby/projects/robinwood-plank/node_modules/tsx/dist/index-CQhDiIsg.mjs:14:1266)
    at transform (file:///mnt/c/Users/k1rby/projects/robinwood-plank/node_modules/tsx/dist/index-CQhDiIsg.mjs:14:2984)
    at load (file:///mnt/c/Users/k1rby/projects/robinwood-plank/node_modules/tsx/dist/register-zZ7SWseA.mjs:2:4937)
    at async nextLoad (node:internal/modules/esm/hooks:748:22)
    at async Hooks.load (node:internal/modules/esm/hooks:385:20)

Node.js v22.22.2
=== other-chains supervisor: pass exited code 1 ===
=== other-chains supervisor: attempt 14, 10:39:56 UTC ===

node:internal/modules/run_main:123
    triggerUncaughtException(
    ^
Error [TransformError]: 
You installed esbuild for another platform than the one you're currently using.
This won't work because esbuild is written with native code and needs to
install a platform-specific binary executable.

Specifically the "@esbuild/win32-x64" package is present but this platform
needs the "@esbuild/linux-x64" package instead. People often get into this
situation by installing esbuild on Windows or macOS and copying "node_modules"
into a Docker image that runs Linux, or by copying "node_modules" between
Windows and WSL environments.

If you are installing with npm, you can try not copying the "node_modules"
directory when you copy the files over, and running "npm ci" or "npm install"
on the destination platform after the copy. Or you could consider using yarn
instead of npm which has built-in support for installing a package on multiple
platforms simultaneously.

If you are installing with yarn, you can try listing both this platform and the
other platform in your ".yarnrc.yml" file using the "supportedArchitectures"
feature: https://yarnpkg.com/configuration/yarnrc/#supportedArchitectures
Keep in mind that this means multiple copies of esbuild will be present.

Another alternative is to use the "esbuild-wasm" package instead, which works
the same way on all platforms. But it comes with a heavy performance cost and
can sometimes be 10x slower than the "esbuild" package, so you may also not
want to do that.

    at generateBinPath (/mnt/c/Users/k1rby/projects/robinwood-plank/node_modules/esbuild/lib/main.js:2029:17)
    at esbuildCommandAndArgs (/mnt/c/Users/k1rby/projects/robinwood-plank/node_modules/esbuild/lib/main.js:2110:33)
    at ensureServiceIsRunning (/mnt/c/Users/k1rby/projects/robinwood-plank/node_modules/esbuild/lib/main.js:2267:25)
    at transform (/mnt/c/Users/k1rby/projects/robinwood-plank/node_modules/esbuild/lib/main.js:2168:37)
    at file:///mnt/c/Users/k1rby/projects/robinwood-plank/node_modules/tsx/dist/index-CQhDiIsg.mjs:14:3037
    at applyTransformers (file:///mnt/c/Users/k1rby/projects/robinwood-plank/node_modules/tsx/dist/index-CQhDiIsg.mjs:14:1266)
    at transform (file:///mnt/c/Users/k1rby/projects/robinwood-plank/node_modules/tsx/dist/index-CQhDiIsg.mjs:14:2984)
    at load (file:///mnt/c/Users/k1rby/projects/robinwood-plank/node_modules/tsx/dist/register-zZ7SWseA.mjs:2:4937)
    at async nextLoad (node:internal/modules/esm/hooks:748:22)
    at async Hooks.load (node:internal/modules/esm/hooks:385:20)

Node.js v22.22.2
=== other-chains supervisor: pass exited code 1 ===
=== other-chains supervisor: attempt 15, 10:39:59 UTC ===
